#-----------------------------------------------------------
# Vivado v2020.2 (64-bit)
# SW Build 3064766 on Wed Nov 18 09:12:47 MST 2020
# IP Build 3064653 on Wed Nov 18 14:17:31 MST 2020
# Start of session at: Sat May 15 23:46:38 2021
# Process ID: 2756881
# Current directory: /home/EDA/vsim/Delta-Sigma-Modulator/vivado_proj
# Command line: vivado dsm.xpr
# Log file: /home/EDA/vsim/Delta-Sigma-Modulator/vivado_proj/vivado.log
# Journal file: /home/EDA/vsim/Delta-Sigma-Modulator/vivado_proj/vivado.jou
#-----------------------------------------------------------
start_gui
open_project dsm.xpr
update_compile_order -fileset sources_1
launch_simulation
source tb_hk_mash111.tcl
relaunch_sim
close_sim
close_project
open_project /home/EDA/vsim/deblocking_filter/vivado_proj/test.xpr
update_compile_order -fileset sources_1
synth_design -rtl -rtl_skip_mlo -name rtl_1
update_compile_order -fileset sources_1
update_compile_order -fileset sources_1
update_compile_order -fileset sources_1
synth_design -rtl -rtl_skip_mlo -name rtl_1
synth_design -rtl -rtl_skip_mlo -name rtl_1
synth_design -rtl -rtl_skip_mlo -name rtl_1
synth_design -rtl -rtl_skip_mlo -name rtl_1
synth_design -rtl -rtl_skip_mlo -name rtl_1
synth_design -rtl -rtl_skip_mlo -name rtl_1
close_project
open_project /home/EDA/vsim/Delta-Sigma-Modulator/vivado_proj/dsm.xpr
update_compile_order -fileset sources_1
add_files -scan_for_includes {/home/EDA/vsim/Delta-Sigma-Modulator/SP-MASH-DDSM/rtl/sp_mash111.v /home/EDA/vsim/Delta-Sigma-Modulator/SP-MASH-DDSM/rtl/sp_efm.v}
update_compile_order -fileset sources_1
set_property SOURCE_SET sources_1 [get_filesets sim_1]
add_files -fileset sim_1 -scan_for_includes /home/EDA/vsim/Delta-Sigma-Modulator/SP-MASH-DDSM/tb/tb_sp_mash111.v
update_compile_order -fileset sim_1
# Disabling source management mode.  This is to allow the top design properties to be set without GUI intervention.
set_property source_mgmt_mode None [current_project]
set_property top sp_mash111 [current_fileset]
# Re-enabling previously disabled source management mode.
set_property source_mgmt_mode All [current_project]
update_compile_order -fileset sources_1
# Disabling source management mode.  This is to allow the top design properties to be set without GUI intervention.
set_property source_mgmt_mode None [current_project]
set_property top tb_sp_mash111 [get_filesets sim_1]
set_property top_lib xil_defaultlib [get_filesets sim_1]
# Re-enabling previously disabled source management mode.
set_property source_mgmt_mode All [current_project]
synth_design -rtl -rtl_skip_mlo -name rtl_1
update_compile_order -fileset sim_1
launch_simulation
source tb_sp_mash111.tcl
close_sim
