#-----------------------------------------------------------
# Vivado v2020.2 (64-bit)
# SW Build 3064766 on Wed Nov 18 09:12:47 MST 2020
# IP Build 3064653 on Wed Nov 18 14:17:31 MST 2020
# Start of session at: Sat May 15 23:00:10 2021
# Process ID: 2696947
# Current directory: /home/EDA/vsim/Delta-Sigma-Modulator/vivado_proj
# Command line: vivado
# Log file: /home/EDA/vsim/Delta-Sigma-Modulator/vivado_proj/vivado.log
# Journal file: /home/EDA/vsim/Delta-Sigma-Modulator/vivado_proj/vivado.jou
#-----------------------------------------------------------
start_gui
create_project dsm . -part xc7z020clg400-1
set_property board_part tul.com.tw:pynq-z2:part0:1.0 [current_project]
add_files -norecurse -scan_for_includes {/home/EDA/vsim/Delta-Sigma-Modulator/HK-MASH-DDSM/rtl/hk_efm.v /home/EDA/vsim/Delta-Sigma-Modulator/HK-MASH-DDSM/rtl/mash111.v}
update_compile_order -fileset sources_1
synth_design -rtl -rtl_skip_mlo -name rtl_1
set_property SOURCE_SET sources_1 [get_filesets sim_1]
add_files -fileset sim_1 -norecurse -scan_for_includes /home/EDA/vsim/Delta-Sigma-Modulator/HK-MASH-DDSM/tb/tb_mash111.v
update_compile_order -fileset sim_1
update_compile_order -fileset sim_1
launch_simulation
source tb_mash111.tcl
relaunch_sim
relaunch_sim
run 100 ms
export_ip_user_files -of_objects  [get_files /home/EDA/vsim/Delta-Sigma-Modulator/HK-MASH-DDSM/rtl/mash111.v] -no_script -reset -force -quiet
remove_files  /home/EDA/vsim/Delta-Sigma-Modulator/HK-MASH-DDSM/rtl/mash111.v
export_ip_user_files -of_objects  [get_files /home/EDA/vsim/Delta-Sigma-Modulator/HK-MASH-DDSM/tb/tb_mash111.v] -no_script -reset -force -quiet
remove_files  -fileset sim_1 /home/EDA/vsim/Delta-Sigma-Modulator/HK-MASH-DDSM/tb/tb_mash111.v
set_property SOURCE_SET sources_1 [get_filesets sim_1]
add_files -fileset sim_1 -norecurse -scan_for_includes /home/EDA/vsim/Delta-Sigma-Modulator/HK-MASH-DDSM/tb/tb_hk_mash111.v
update_compile_order -fileset sim_1
update_compile_order -fileset sim_1
add_files -norecurse -scan_for_includes /home/EDA/vsim/Delta-Sigma-Modulator/HK-MASH-DDSM/rtl/hk_mash111.v
update_compile_order -fileset sources_1
update_compile_order -fileset sources_1
refresh_design
refresh_design
refresh_design
refresh_design
relaunch_sim
run 100 ms
relaunch_sim
run 100 ms
run 100 ms
set_property -name {xsim.simulate.runtime} -value {1ms} -objects [get_filesets sim_1]
close_sim
launch_simulation
source tb_hk_mash111.tcl
relaunch_sim
relaunch_sim
relaunch_sim
